examples/websocket/frontend.tsx(4,20): error TS2307: Cannot find module 'socket.io-client' or its corresponding type declarations.
examples/websocket/server.ts(2,24): error TS2307: Cannot find module 'socket.io' or its corresponding type declarations.
src/app/auth/callback/route.ts(1,10): error TS2305: Module '"@supabase/auth-helpers-nextjs"' has no exported member 'createRouteHandlerClient'.
src/components/life-timeline.tsx(5,36): error TS2305: Module '"@/lib/life-calculations"' has no exported member 'getWeekForWorldEvent'.
src/components/life-timeline.tsx(46,43): error TS2345: Argument of type 'string' is not assignable to parameter of type 'Date'.
src/components/life-timeline.tsx(120,37): error TS2345: Argument of type 'Date' is not assignable to parameter of type 'string'.
src/components/milestone-tracker.tsx(6,10): error TS2305: Module '"@/lib/life-calculations"' has no exported member 'generateId'.
src/components/milestone-tracker.tsx(118,9): error TS2353: Object literal may only specify known properties, and 'isCompleted' does not exist in type 'Omit<Milestone, "id" | "weekNumber">'.
src/components/milestone-tracker.tsx(135,56): error TS2339: Property 'isCompleted' does not exist on type 'Milestone'.
src/components/milestone-tracker.tsx(136,56): error TS2339: Property 'isCompleted' does not exist on type 'Milestone'.
src/components/milestone-tracker.tsx(179,37): error TS2339: Property 'isCompleted' does not exist on type 'Milestone'.
src/components/milestone-tracker.tsx(197,41): error TS2339: Property 'isCompleted' does not exist on type 'Milestone'.
src/components/milestone-tracker.tsx(201,40): error TS2339: Property 'isCompleted' does not exist on type 'Milestone'.
src/components/settings-panel.tsx(149,36): error TS2322: Type '"system" | "dark" | "light"' is not assignable to type '"dark" | "light" | undefined'.
  Type '"system"' is not assignable to type '"dark" | "light" | undefined'.
src/components/week-detail.tsx(5,27): error TS2305: Module '"@/lib/types"' has no exported member 'moodColors'.
src/components/week-detail.tsx(6,22): error TS2305: Module '"@/lib/life-calculations"' has no exported member 'getAgeAtWeek'.
src/components/week-detail.tsx(95,23): error TS2345: Argument of type 'Date' is not assignable to parameter of type 'string'.
src/components/week-detail.tsx(95,64): error TS2345: Argument of type 'Date' is not assignable to parameter of type 'string'.
src/lib/life-calculations.ts(107,30): error TS2532: Object is possibly 'undefined'.
src/lib/supabase/client.ts(1,10): error TS2305: Module '"@supabase/auth-helpers-nextjs"' has no exported member 'createClientComponentClient'.
src/lib/supabase/server.ts(1,10): error TS2724: '"@supabase/auth-helpers-nextjs"' has no exported member named 'createServerComponentClient'. Did you mean 'createServerClient'?
